Copyright 1986-2022 Xilinx, Inc. All Rights Reserved. Copyright 2022-2026 Advanced Micro Devices, Inc. All Rights Reserved.
--------------------------------------------------------------------------------------------------------------------------------------------------
| Tool Version : Vivado v.2026.1 (win64) Build 6511674 Tue Jun 16 11:02:23 MDT 2026
| Date         : Wed Aug 26 19:47:52 2026
| Host         : karan running 64-bit major release  (build 9200)
| Command      : report_timing_summary -file C:/Users/ASUS/OneDrive/Desktop/FPGA-AES128-CTR-Image-Encryption/results/reports/timing_opt_5p400.rpt
| Design       : image_aes_bram_encdec_top
| Device       : 7a12ti-csg325
| Speed File   : -1L  PRODUCTION 1.23 2018-06-13
| Design State : Routed
--------------------------------------------------------------------------------------------------------------------------------------------------

Timing Summary Report

------------------------------------------------------------------------------------------------
| Timer Settings
| --------------
------------------------------------------------------------------------------------------------

  Enable Multi Corner Analysis               :  Yes
  Enable Pessimism Removal                   :  Yes
  Pessimism Removal Resolution               :  Nearest Common Node
  Enable Input Delay Default Clock           :  No
  Enable Preset / Clear Arcs                 :  No
  Disable Flight Delays                      :  No
  Ignore I/O Paths                           :  No
  Timing Early Launch at Borrowing Latches   :  No
  Borrow Time for Max Delay Exceptions       :  Yes
  Merge Timing Exceptions                    :  Yes
  Inter-SLR Compensation                     :  Conservative

  Corner  Analyze    Analyze    
  Name    Max Paths  Min Paths  
  ------  ---------  ---------  
  Slow    Yes        Yes        
  Fast    Yes        Yes        


------------------------------------------------------------------------------------------------
| Report Methodology
| ------------------
------------------------------------------------------------------------------------------------

Rule       Severity  Description                                 Violations  
---------  --------  ------------------------------------------  ----------  
SYNTH-6    Warning   Timing of a RAM block might be sub-optimal  3           
TIMING-18  Warning   Missing input or output delay               92          

Note: This report is based on the most recent report_methodology run and may not be up-to-date. Run report_methodology on the current design for the latest report.



check_timing report

Table of Contents
-----------------
1. checking no_clock (0)
2. checking constant_clock (0)
3. checking pulse_width_clock (0)
4. checking unconstrained_internal_endpoints (0)
5. checking no_input_delay (71)
6. checking no_output_delay (21)
7. checking multiple_clock (0)
8. checking generated_clocks (0)
9. checking loops (0)
10. checking partial_input_delay (0)
11. checking partial_output_delay (0)
12. checking latch_loops (0)

1. checking no_clock (0)
------------------------
 There are 0 register/latch pins with no clock.


2. checking constant_clock (0)
------------------------------
 There are 0 register/latch pins with constant_clock.


3. checking pulse_width_clock (0)
---------------------------------
 There are 0 register/latch pins which need pulse_width check


4. checking unconstrained_internal_endpoints (0)
------------------------------------------------
 There are 0 pins that are not constrained for maximum delay.

 There are 0 pins that are not constrained for maximum delay due to constant clock.


5. checking no_input_delay (71)
-------------------------------
 There are 71 input ports with no input delay specified. (HIGH)

 There are 0 input ports with no input delay but user has a false path constraint.


6. checking no_output_delay (21)
--------------------------------
 There are 21 ports with no output delay specified. (HIGH)

 There are 0 ports with no output delay but user has a false path constraint

 There are 0 ports with no output delay but with a timing clock defined on it or propagating through it


7. checking multiple_clock (0)
------------------------------
 There are 0 register/latch pins with multiple clocks.


8. checking generated_clocks (0)
--------------------------------
 There are 0 generated clocks that are not connected to a clock source.


9. checking loops (0)
---------------------
 There are 0 combinational loops in the design.


10. checking partial_input_delay (0)
------------------------------------
 There are 0 input ports with partial input delay specified.


11. checking partial_output_delay (0)
-------------------------------------
 There are 0 ports with partial output delay specified.


12. checking latch_loops (0)
----------------------------
 There are 0 combinational latch loops in the design through latch input



------------------------------------------------------------------------------------------------
| Design Timing Summary
| ---------------------
------------------------------------------------------------------------------------------------

    WNS(ns)      TNS(ns)  TNS Failing Endpoints  TNS Total Endpoints      WHS(ns)      THS(ns)  THS Failing Endpoints  THS Total Endpoints     WPWS(ns)     TPWS(ns)  TPWS Failing Endpoints  TPWS Total Endpoints  
    -------      -------  ---------------------  -------------------      -------      -------  ---------------------  -------------------     --------     --------  ----------------------  --------------------  
      0.084        0.000                      0                 3085        0.106        0.000                      0                 3085        2.200        0.000                       0                  1590  


All user specified timing constraints are met.


------------------------------------------------------------------------------------------------
| Clock Summary
| -------------
------------------------------------------------------------------------------------------------

Clock  Waveform(ns)         Period(ns)      Frequency(MHz)
-----  ------------         ----------      --------------
clk    {0.000 2.700}        5.400           185.185         


------------------------------------------------------------------------------------------------
| Intra Clock Table
| -----------------
------------------------------------------------------------------------------------------------

Clock             WNS(ns)      TNS(ns)  TNS Failing Endpoints  TNS Total Endpoints      WHS(ns)      THS(ns)  THS Failing Endpoints  THS Total Endpoints     WPWS(ns)     TPWS(ns)  TPWS Failing Endpoints  TPWS Total Endpoints  
-----             -------      -------  ---------------------  -------------------      -------      -------  ---------------------  -------------------     --------     --------  ----------------------  --------------------  
clk                 0.084        0.000                      0                 3085        0.106        0.000                      0                 3085        2.200        0.000                       0                  1590  


------------------------------------------------------------------------------------------------
| Inter Clock Table
| -----------------
------------------------------------------------------------------------------------------------

From Clock    To Clock          WNS(ns)      TNS(ns)  TNS Failing Endpoints  TNS Total Endpoints      WHS(ns)      THS(ns)  THS Failing Endpoints  THS Total Endpoints  
----------    --------          -------      -------  ---------------------  -------------------      -------      -------  ---------------------  -------------------  


------------------------------------------------------------------------------------------------
| Other Path Groups Table
| -----------------------
------------------------------------------------------------------------------------------------

Path Group    From Clock    To Clock          WNS(ns)      TNS(ns)  TNS Failing Endpoints  TNS Total Endpoints      WHS(ns)      THS(ns)  THS Failing Endpoints  THS Total Endpoints  
----------    ----------    --------          -------      -------  ---------------------  -------------------      -------      -------  ---------------------  -------------------  


------------------------------------------------------------------------------------------------
| Timing Details
| --------------
------------------------------------------------------------------------------------------------


---------------------------------------------------------------------------------------------------
From Clock:  clk
  To Clock:  clk

Setup :            0  Failing Endpoints,  Worst Slack        0.084ns,  Total Violation        0.000ns
Hold  :            0  Failing Endpoints,  Worst Slack        0.106ns,  Total Violation        0.000ns
PW    :            0  Failing Endpoints,  Worst Slack        2.200ns,  Total Violation        0.000ns
---------------------------------------------------------------------------------------------------


Max Delay Paths
--------------------------------------------------------------------------------------
Slack (MET) :             0.084ns  (required time - arrival time)
  Source:                 aes_ctr/aes_core/state_reg_reg[0]/C
                            (rising edge-triggered cell FDRE clocked by clk  {rise@0.000ns fall@2.700ns period=5.400ns})
  Destination:            aes_ctr/aes_core/state_reg_reg[97]/D
                            (rising edge-triggered cell FDRE clocked by clk  {rise@0.000ns fall@2.700ns period=5.400ns})
  Path Group:             clk
  Path Type:              Setup (Max at Slow Process Corner)
  Requirement:            5.400ns  (clk rise@5.400ns - clk rise@0.000ns)
  Data Path Delay:        5.199ns  (logic 1.672ns (32.159%)  route 3.527ns (67.841%))
  Logic Levels:           7  (LUT2=2 LUT6=3 MUXF7=1 MUXF8=1)
  Clock Path Skew:        -0.111ns (DCD - SCD + CPR)
    Destination Clock Delay (DCD):    4.199ns = ( 9.599 - 5.400 ) 
    Source Clock Delay      (SCD):    4.560ns
    Clock Pessimism Removal (CPR):    0.250ns
  Clock Uncertainty:      0.035ns  ((TSJ^2 + TIJ^2)^1/2 + DJ) / 2 + PE
    Total System Jitter     (TSJ):    0.071ns
    Total Input Jitter      (TIJ):    0.000ns
    Discrete Jitter          (DJ):    0.000ns
    Phase Error              (PE):    0.000ns

    Location             Delay type                Incr(ns)  Path(ns)    Netlist Resource(s)
  -------------------------------------------------------------------    -------------------
                         (clock clk rise edge)        0.000     0.000 r  <hidden>
    P15                                               0.000     0.000 r  clk
                         net (fo=0)                   0.000     0.000    clk
    P15                  IBUF (Prop_ibuf_I_O)         0.951     0.951 r  clk_IBUF_inst/O
                         net (fo=1, routed)           1.966     2.916    clk_IBUF
    BUFGCTRL_X0Y0        BUFG (Prop_bufg_I_O)         0.096     3.012 r  clk_IBUF_BUFG_inst/O
                         net (fo=1589, routed)        1.547     4.560    aes_ctr/aes_core/clk_IBUF_BUFG
    SLICE_X8Y21          FDRE                                         r  aes_ctr/aes_core/state_reg_reg[0]/C
  -------------------------------------------------------------------    -------------------
    SLICE_X8Y21          FDRE (Prop_fdre_C_Q)         0.518     5.078 r  aes_ctr/aes_core/state_reg_reg[0]/Q
                         net (fo=32, routed)          0.944     6.022    aes_ctr/aes_core/state_reg_reg_n_0_[0]
    SLICE_X8Y20          LUT6 (Prop_lut6_I0_O)        0.124     6.146 r  aes_ctr/aes_core/g0_b7__23/O
                         net (fo=1, routed)           0.000     6.146    aes_ctr/aes_core/g0_b7__23_n_0
    SLICE_X8Y20          MUXF7 (Prop_muxf7_I0_O)      0.241     6.387 r  aes_ctr/aes_core/ciphertext_reg[103]_i_3/O
                         net (fo=1, routed)           0.000     6.387    aes_ctr/aes_core/ciphertext_reg[103]_i_3_n_0
    SLICE_X8Y20          MUXF8 (Prop_muxf8_I0_O)      0.098     6.485 r  aes_ctr/aes_core/ciphertext_reg[103]_i_2/O
                         net (fo=8, routed)           1.052     7.537    aes_ctr/aes_core/final_round_unit/sub_bytes_out[7]
    SLICE_X11Y25         LUT2 (Prop_lut2_I0_O)        0.319     7.856 r  aes_ctr/aes_core/state_reg[100]_i_4/O
                         net (fo=3, routed)           0.950     8.806    aes_ctr/aes_core/state_reg[100]_i_4_n_0
    SLICE_X16Y22         LUT6 (Prop_lut6_I1_O)        0.124     8.930 r  aes_ctr/aes_core/state_reg[97]_i_3/O
                         net (fo=1, routed)           0.426     9.357    aes_ctr/aes_core/round_unit/mix_columns_out[97]
    SLICE_X17Y23         LUT2 (Prop_lut2_I1_O)        0.124     9.481 r  aes_ctr/aes_core/state_reg[97]_i_2/O
                         net (fo=1, routed)           0.154     9.635    aes_ctr/aes_core/round_output[97]
    SLICE_X17Y23         LUT6 (Prop_lut6_I2_O)        0.124     9.759 r  aes_ctr/aes_core/state_reg[97]_i_1/O
                         net (fo=1, routed)           0.000     9.759    aes_ctr/aes_core/state_reg0_in[97]
    SLICE_X17Y23         FDRE                                         r  aes_ctr/aes_core/state_reg_reg[97]/D
  -------------------------------------------------------------------    -------------------

                         (clock clk rise edge)        5.400     5.400 r  <hidden>
    P15                                               0.000     5.400 r  clk
                         net (fo=0)                   0.000     5.400    clk
    P15                  IBUF (Prop_ibuf_I_O)         0.817     6.217 r  clk_IBUF_inst/O
                         net (fo=1, routed)           1.862     8.079    clk_IBUF
    BUFGCTRL_X0Y0        BUFG (Prop_bufg_I_O)         0.091     8.170 r  clk_IBUF_BUFG_inst/O
                         net (fo=1589, routed)        1.428     9.599    aes_ctr/aes_core/clk_IBUF_BUFG
    SLICE_X17Y23         FDRE                                         r  aes_ctr/aes_core/state_reg_reg[97]/C
                         clock pessimism              0.250     9.849    <hidden>
                         clock uncertainty           -0.035     9.813    <hidden>
    SLICE_X17Y23         FDRE (Setup_fdre_C_D)        0.029     9.842    aes_ctr/aes_core/state_reg_reg[97]
  -------------------------------------------------------------------
                         required time                          9.842    <hidden>
                         arrival time                          -9.759    <hidden>
  -------------------------------------------------------------------
                         slack                                  0.084    <hidden>





Min Delay Paths
--------------------------------------------------------------------------------------
Slack (MET) :             0.106ns  (arrival time - required time)
  Source:                 key_reg_reg[12]/C
                            (rising edge-triggered cell FDRE clocked by clk  {rise@0.000ns fall@2.700ns period=5.400ns})
  Destination:            aes_ctr/key_reg_reg[12]/D
                            (rising edge-triggered cell FDRE clocked by clk  {rise@0.000ns fall@2.700ns period=5.400ns})
  Path Group:             clk
  Path Type:              Hold (Min at Fast Process Corner)
  Requirement:            0.000ns  (clk rise@0.000ns - clk rise@0.000ns)
  Data Path Delay:        0.195ns  (logic 0.141ns (72.269%)  route 0.054ns (27.731%))
  Logic Levels:           0  
  Clock Path Skew:        0.013ns (DCD - SCD - CPR)
    Destination Clock Delay (DCD):    1.910ns
    Source Clock Delay      (SCD):    1.397ns
    Clock Pessimism Removal (CPR):    0.500ns

    Location             Delay type                Incr(ns)  Path(ns)    Netlist Resource(s)
  -------------------------------------------------------------------    -------------------
                         (clock clk rise edge)        0.000     0.000 r  <hidden>
    P15                                               0.000     0.000 r  clk
                         net (fo=0)                   0.000     0.000    clk
    P15                  IBUF (Prop_ibuf_I_O)         0.180     0.180 r  clk_IBUF_inst/O
                         net (fo=1, routed)           0.631     0.811    clk_IBUF
    BUFGCTRL_X0Y0        BUFG (Prop_bufg_I_O)         0.026     0.837 r  clk_IBUF_BUFG_inst/O
                         net (fo=1589, routed)        0.560     1.397    clk_IBUF_BUFG
    SLICE_X29Y34         FDRE                                         r  key_reg_reg[12]/C
  -------------------------------------------------------------------    -------------------
    SLICE_X29Y34         FDRE (Prop_fdre_C_Q)         0.141     1.538 r  key_reg_reg[12]/Q
                         net (fo=1, routed)           0.054     1.592    aes_ctr/key_reg_reg[127]_0[12]
    SLICE_X28Y34         FDRE                                         r  aes_ctr/key_reg_reg[12]/D
  -------------------------------------------------------------------    -------------------

                         (clock clk rise edge)        0.000     0.000 r  <hidden>
    P15                                               0.000     0.000 r  clk
                         net (fo=0)                   0.000     0.000    clk
    P15                  IBUF (Prop_ibuf_I_O)         0.369     0.369 r  clk_IBUF_inst/O
                         net (fo=1, routed)           0.685     1.053    clk_IBUF
    BUFGCTRL_X0Y0        BUFG (Prop_bufg_I_O)         0.029     1.082 r  clk_IBUF_BUFG_inst/O
                         net (fo=1589, routed)        0.828     1.910    aes_ctr/clk_IBUF_BUFG
    SLICE_X28Y34         FDRE                                         r  aes_ctr/key_reg_reg[12]/C
                         clock pessimism             -0.500     1.410    <hidden>
    SLICE_X28Y34         FDRE (Hold_fdre_C_D)         0.076     1.486    aes_ctr/key_reg_reg[12]
  -------------------------------------------------------------------
                         required time                         -1.486    <hidden>
                         arrival time                           1.592    <hidden>
  -------------------------------------------------------------------
                         slack                                  0.106    <hidden>





Pulse Width Checks
--------------------------------------------------------------------------------------
Clock Name:         clk
Waveform(ns):       { 0.000 2.700 }
Period(ns):         5.400
Sources:            { clk }

Check Type        Corner  Lib Pin             Reference Pin  Required(ns)  Actual(ns)  Slack(ns)  Location     Pin
Min Period        n/a     RAMB36E1/CLKARDCLK  n/a            2.944         5.400       2.456      RAMB36_X0Y3  cipher_bram/mem_reg/CLKARDCLK
Low Pulse Width   Slow    FDSE/C              n/a            0.500         2.700       2.200      SLICE_X3Y29  FSM_onehot_state_reg[0]/C
High Pulse Width  Slow    FDSE/C              n/a            0.500         2.700       2.200      SLICE_X3Y29  FSM_onehot_state_reg[0]/C



