Copyright 1986-2022 Xilinx, Inc. All Rights Reserved. Copyright 2022-2026 Advanced Micro Devices, Inc. All Rights Reserved.
---------------------------------------------------------------------------------------------------------------------------------------------
| Tool Version : Vivado v.2026.1 (win64) Build 6511674 Tue Jun 16 11:02:23 MDT 2026
| Date         : Fri Aug 21 11:19:26 2026
| Host         : karan running 64-bit major release  (build 9200)
| Command      : report_timing_summary -file timing_5p600_after_physopt.rpt
| Design       : image_aes_bram_encdec_top
| Device       : 7a12ti-csg325
| Speed File   : -1L  PRODUCTION 1.23 2018-06-13
| Design State : Physopt postRoute
---------------------------------------------------------------------------------------------------------------------------------------------

Timing Summary Report

------------------------------------------------------------------------------------------------
| Timer Settings
| --------------
------------------------------------------------------------------------------------------------

  Enable Multi Corner Analysis               :  Yes
  Enable Pessimism Removal                   :  Yes
  Pessimism Removal Resolution               :  Nearest Common Node
  Enable Input Delay Default Clock           :  No
  Enable Preset / Clear Arcs                 :  No
  Disable Flight Delays                      :  No
  Ignore I/O Paths                           :  No
  Timing Early Launch at Borrowing Latches   :  No
  Borrow Time for Max Delay Exceptions       :  Yes
  Merge Timing Exceptions                    :  Yes
  Inter-SLR Compensation                     :  Conservative

  Corner  Analyze    Analyze    
  Name    Max Paths  Min Paths  
  ------  ---------  ---------  
  Slow    Yes        Yes        
  Fast    Yes        Yes        


------------------------------------------------------------------------------------------------
| Report Methodology
| ------------------
------------------------------------------------------------------------------------------------

Rule       Severity  Description                                 Violations  
---------  --------  ------------------------------------------  ----------  
SYNTH-6    Warning   Timing of a RAM block might be sub-optimal  3           
TIMING-18  Warning   Missing input or output delay               92          

Note: This report is based on the most recent report_methodology run and may not be up-to-date. Run report_methodology on the current design for the latest report.



check_timing report

Table of Contents
-----------------
1. checking no_clock (0)
2. checking constant_clock (0)
3. checking pulse_width_clock (0)
4. checking unconstrained_internal_endpoints (0)
5. checking no_input_delay (71)
6. checking no_output_delay (21)
7. checking multiple_clock (0)
8. checking generated_clocks (0)
9. checking loops (0)
10. checking partial_input_delay (0)
11. checking partial_output_delay (0)
12. checking latch_loops (0)

1. checking no_clock (0)
------------------------
 There are 0 register/latch pins with no clock.


2. checking constant_clock (0)
------------------------------
 There are 0 register/latch pins with constant_clock.


3. checking pulse_width_clock (0)
---------------------------------
 There are 0 register/latch pins which need pulse_width check


4. checking unconstrained_internal_endpoints (0)
------------------------------------------------
 There are 0 pins that are not constrained for maximum delay.

 There are 0 pins that are not constrained for maximum delay due to constant clock.


5. checking no_input_delay (71)
-------------------------------
 There are 71 input ports with no input delay specified. (HIGH)

 There are 0 input ports with no input delay but user has a false path constraint.


6. checking no_output_delay (21)
--------------------------------
 There are 21 ports with no output delay specified. (HIGH)

 There are 0 ports with no output delay but user has a false path constraint

 There are 0 ports with no output delay but with a timing clock defined on it or propagating through it


7. checking multiple_clock (0)
------------------------------
 There are 0 register/latch pins with multiple clocks.


8. checking generated_clocks (0)
--------------------------------
 There are 0 generated clocks that are not connected to a clock source.


9. checking loops (0)
---------------------
 There are 0 combinational loops in the design.


10. checking partial_input_delay (0)
------------------------------------
 There are 0 input ports with partial input delay specified.


11. checking partial_output_delay (0)
-------------------------------------
 There are 0 ports with partial output delay specified.


12. checking latch_loops (0)
----------------------------
 There are 0 combinational latch loops in the design through latch input



------------------------------------------------------------------------------------------------
| Design Timing Summary
| ---------------------
------------------------------------------------------------------------------------------------

    WNS(ns)      TNS(ns)  TNS Failing Endpoints  TNS Total Endpoints      WHS(ns)      THS(ns)  THS Failing Endpoints  THS Total Endpoints     WPWS(ns)     TPWS(ns)  TPWS Failing Endpoints  TPWS Total Endpoints  
    -------      -------  ---------------------  -------------------      -------      -------  ---------------------  -------------------     --------     --------  ----------------------  --------------------  
      0.045        0.000                      0                 3082        0.071        0.000                      0                 3082        2.300        0.000                       0                  1588  


All user specified timing constraints are met.


------------------------------------------------------------------------------------------------
| Clock Summary
| -------------
------------------------------------------------------------------------------------------------

Clock  Waveform(ns)         Period(ns)      Frequency(MHz)
-----  ------------         ----------      --------------
clk    {0.000 2.800}        5.600           178.571         


------------------------------------------------------------------------------------------------
| Intra Clock Table
| -----------------
------------------------------------------------------------------------------------------------

Clock             WNS(ns)      TNS(ns)  TNS Failing Endpoints  TNS Total Endpoints      WHS(ns)      THS(ns)  THS Failing Endpoints  THS Total Endpoints     WPWS(ns)     TPWS(ns)  TPWS Failing Endpoints  TPWS Total Endpoints  
-----             -------      -------  ---------------------  -------------------      -------      -------  ---------------------  -------------------     --------     --------  ----------------------  --------------------  
clk                 0.045        0.000                      0                 3082        0.071        0.000                      0                 3082        2.300        0.000                       0                  1588  


------------------------------------------------------------------------------------------------
| Inter Clock Table
| -----------------
------------------------------------------------------------------------------------------------

From Clock    To Clock          WNS(ns)      TNS(ns)  TNS Failing Endpoints  TNS Total Endpoints      WHS(ns)      THS(ns)  THS Failing Endpoints  THS Total Endpoints  
----------    --------          -------      -------  ---------------------  -------------------      -------      -------  ---------------------  -------------------  


------------------------------------------------------------------------------------------------
| Other Path Groups Table
| -----------------------
------------------------------------------------------------------------------------------------

Path Group    From Clock    To Clock          WNS(ns)      TNS(ns)  TNS Failing Endpoints  TNS Total Endpoints      WHS(ns)      THS(ns)  THS Failing Endpoints  THS Total Endpoints  
----------    ----------    --------          -------      -------  ---------------------  -------------------      -------      -------  ---------------------  -------------------  


------------------------------------------------------------------------------------------------
| Timing Details
| --------------
------------------------------------------------------------------------------------------------


---------------------------------------------------------------------------------------------------
From Clock:  clk
  To Clock:  clk

Setup :            0  Failing Endpoints,  Worst Slack        0.045ns,  Total Violation        0.000ns
Hold  :            0  Failing Endpoints,  Worst Slack        0.071ns,  Total Violation        0.000ns
PW    :            0  Failing Endpoints,  Worst Slack        2.300ns,  Total Violation        0.000ns
---------------------------------------------------------------------------------------------------


Max Delay Paths
--------------------------------------------------------------------------------------
Slack (MET) :             0.045ns  (required time - arrival time)
  Source:                 aes_ctr/aes_core/state_reg_reg[4]/C
                            (rising edge-triggered cell FDRE clocked by clk  {rise@0.000ns fall@2.800ns period=5.600ns})
  Destination:            aes_ctr/aes_core/state_reg_reg[100]/D
                            (rising edge-triggered cell FDRE clocked by clk  {rise@0.000ns fall@2.800ns period=5.600ns})
  Path Group:             clk
  Path Type:              Setup (Max at Slow Process Corner)
  Requirement:            5.600ns  (clk rise@5.600ns - clk rise@0.000ns)
  Data Path Delay:        5.568ns  (logic 1.488ns (26.724%)  route 4.080ns (73.276%))
  Logic Levels:           6  (LUT2=1 LUT6=4 MUXF7=1)
  Clock Path Skew:        -0.033ns (DCD - SCD + CPR)
    Destination Clock Delay (DCD):    4.435ns = ( 10.035 - 5.600 ) 
    Source Clock Delay      (SCD):    4.802ns
    Clock Pessimism Removal (CPR):    0.334ns
  Clock Uncertainty:      0.035ns  ((TSJ^2 + TIJ^2)^1/2 + DJ) / 2 + PE
    Total System Jitter     (TSJ):    0.071ns
    Total Input Jitter      (TIJ):    0.000ns
    Discrete Jitter          (DJ):    0.000ns
    Phase Error              (PE):    0.000ns

    Location             Delay type                Incr(ns)  Path(ns)    Netlist Resource(s)
  -------------------------------------------------------------------    -------------------
                         (clock clk rise edge)        0.000     0.000 r  <hidden>
    P15                                               0.000     0.000 r  clk
                         net (fo=0)                   0.000     0.000    clk
    P15                  IBUF (Prop_ibuf_I_O)         0.951     0.951 r  clk_IBUF_inst/O
                         net (fo=1, routed)           1.966     2.916    clk_IBUF
    BUFGCTRL_X0Y1        BUFG (Prop_bufg_I_O)         0.096     3.012 r  clk_IBUF_BUFG_inst_replica/O
                         net (fo=6, routed)           0.140     3.152    clk_IBUF_BUFG_repN
    BUFGCTRL_X0Y0        BUFG (Prop_bufg_I_O)         0.096     3.248 r  clk_IBUF_BUFG_inst/O
                         net (fo=1581, routed)        1.553     4.802    aes_ctr/aes_core/clk_IBUF_BUFG
    SLICE_X21Y31         FDRE                                         r  aes_ctr/aes_core/state_reg_reg[4]/C
  -------------------------------------------------------------------    -------------------
    SLICE_X21Y31         FDRE (Prop_fdre_C_Q)         0.456     5.258 r  aes_ctr/aes_core/state_reg_reg[4]/Q
                         net (fo=32, routed)          1.386     6.643    aes_ctr/aes_core/state_reg_reg_n_0_[4]
    SLICE_X15Y36         LUT6 (Prop_lut6_I4_O)        0.124     6.767 r  aes_ctr/aes_core/g0_b7__23/O
                         net (fo=1, routed)           0.000     6.767    aes_ctr/aes_core/g0_b7__23_n_0
    SLICE_X15Y36         MUXF7 (Prop_muxf7_I0_O)      0.238     7.005 r  aes_ctr/aes_core/ciphertext_reg[103]_i_3/O
                         net (fo=3, routed)           1.112     8.117    aes_ctr/aes_core/ciphertext_reg[103]_i_3_n_0
    SLICE_X18Y38         LUT6 (Prop_lut6_I0_O)        0.298     8.415 r  aes_ctr/aes_core/state_reg[100]_i_4/O
                         net (fo=3, routed)           0.637     9.052    aes_ctr/aes_core/state_reg[100]_i_4_n_0
    SLICE_X18Y38         LUT6 (Prop_lut6_I5_O)        0.124     9.176 r  aes_ctr/aes_core/state_reg[100]_i_3/O
                         net (fo=1, routed)           0.641     9.817    aes_ctr/aes_core/round_unit/mix_columns_out[100]
    SLICE_X18Y39         LUT2 (Prop_lut2_I1_O)        0.124     9.941 r  aes_ctr/aes_core/state_reg[100]_i_2/O
                         net (fo=1, routed)           0.304    10.246    aes_ctr/aes_core/round_output[100]
    SLICE_X18Y38         LUT6 (Prop_lut6_I2_O)        0.124    10.370 r  aes_ctr/aes_core/state_reg[100]_i_1/O
                         net (fo=1, routed)           0.000    10.370    aes_ctr/aes_core/state_reg0_in[100]
    SLICE_X18Y38         FDRE                                         r  aes_ctr/aes_core/state_reg_reg[100]/D
  -------------------------------------------------------------------    -------------------

                         (clock clk rise edge)        5.600     5.600 r  <hidden>
    P15                                               0.000     5.600 r  clk
                         net (fo=0)                   0.000     5.600    clk
    P15                  IBUF (Prop_ibuf_I_O)         0.817     6.417 r  clk_IBUF_inst/O
                         net (fo=1, routed)           1.862     8.279    clk_IBUF
    BUFGCTRL_X0Y1        BUFG (Prop_bufg_I_O)         0.091     8.370 r  clk_IBUF_BUFG_inst_replica/O
                         net (fo=6, routed)           0.133     8.503    clk_IBUF_BUFG_repN
    BUFGCTRL_X0Y0        BUFG (Prop_bufg_I_O)         0.091     8.594 r  clk_IBUF_BUFG_inst/O
                         net (fo=1581, routed)        1.440    10.035    aes_ctr/aes_core/clk_IBUF_BUFG
    SLICE_X18Y38         FDRE                                         r  aes_ctr/aes_core/state_reg_reg[100]/C
                         clock pessimism              0.334    10.369    <hidden>
                         clock uncertainty           -0.035    10.333    <hidden>
    SLICE_X18Y38         FDRE (Setup_fdre_C_D)        0.081    10.414    aes_ctr/aes_core/state_reg_reg[100]
  -------------------------------------------------------------------
                         required time                         10.414    <hidden>
                         arrival time                         -10.370    <hidden>
  -------------------------------------------------------------------
                         slack                                  0.045    <hidden>





Min Delay Paths
--------------------------------------------------------------------------------------
Slack (MET) :             0.071ns  (arrival time - required time)
  Source:                 aes_counter_reg[105]/C
                            (rising edge-triggered cell FDSE clocked by clk  {rise@0.000ns fall@2.800ns period=5.600ns})
  Destination:            aes_ctr/counter_reg_reg[105]/D
                            (rising edge-triggered cell FDRE clocked by clk  {rise@0.000ns fall@2.800ns period=5.600ns})
  Path Group:             clk
  Path Type:              Hold (Min at Fast Process Corner)
  Requirement:            0.000ns  (clk rise@0.000ns - clk rise@0.000ns)
  Data Path Delay:        0.413ns  (logic 0.164ns (39.720%)  route 0.249ns (60.280%))
  Logic Levels:           0  
  Clock Path Skew:        0.267ns (DCD - SCD - CPR)
    Destination Clock Delay (DCD):    1.975ns
    Source Clock Delay      (SCD):    1.457ns
    Clock Pessimism Removal (CPR):    0.251ns

    Location             Delay type                Incr(ns)  Path(ns)    Netlist Resource(s)
  -------------------------------------------------------------------    -------------------
                         (clock clk rise edge)        0.000     0.000 r  <hidden>
    P15                                               0.000     0.000 r  clk
                         net (fo=0)                   0.000     0.000    clk
    P15                  IBUF (Prop_ibuf_I_O)         0.180     0.180 r  clk_IBUF_inst/O
                         net (fo=1, routed)           0.631     0.811    clk_IBUF
    BUFGCTRL_X0Y1        BUFG (Prop_bufg_I_O)         0.026     0.837 r  clk_IBUF_BUFG_inst_replica/O
                         net (fo=6, routed)           0.030     0.867    clk_IBUF_BUFG_repN
    BUFGCTRL_X0Y0        BUFG (Prop_bufg_I_O)         0.026     0.893 r  clk_IBUF_BUFG_inst/O
                         net (fo=1581, routed)        0.564     1.457    clk_IBUF_BUFG
    SLICE_X12Y49         FDSE                                         r  aes_counter_reg[105]/C
  -------------------------------------------------------------------    -------------------
    SLICE_X12Y49         FDSE (Prop_fdse_C_Q)         0.164     1.621 r  aes_counter_reg[105]/Q
                         net (fo=1, routed)           0.249     1.869    aes_ctr/counter_reg_reg[127]_0[105]
    SLICE_X12Y50         FDRE                                         r  aes_ctr/counter_reg_reg[105]/D
  -------------------------------------------------------------------    -------------------

                         (clock clk rise edge)        0.000     0.000 r  <hidden>
    P15                                               0.000     0.000 r  clk
                         net (fo=0)                   0.000     0.000    clk
    P15                  IBUF (Prop_ibuf_I_O)         0.369     0.369 r  clk_IBUF_inst/O
                         net (fo=1, routed)           0.685     1.053    clk_IBUF
    BUFGCTRL_X0Y1        BUFG (Prop_bufg_I_O)         0.029     1.082 r  clk_IBUF_BUFG_inst_replica/O
                         net (fo=6, routed)           0.033     1.115    clk_IBUF_BUFG_repN
    BUFGCTRL_X0Y0        BUFG (Prop_bufg_I_O)         0.029     1.144 r  clk_IBUF_BUFG_inst/O
                         net (fo=1581, routed)        0.830     1.975    aes_ctr/clk_IBUF_BUFG
    SLICE_X12Y50         FDRE                                         r  aes_ctr/counter_reg_reg[105]/C
                         clock pessimism             -0.251     1.723    <hidden>
    SLICE_X12Y50         FDRE (Hold_fdre_C_D)         0.075     1.798    aes_ctr/counter_reg_reg[105]
  -------------------------------------------------------------------
                         required time                         -1.798    <hidden>
                         arrival time                           1.869    <hidden>
  -------------------------------------------------------------------
                         slack                                  0.071    <hidden>





Pulse Width Checks
--------------------------------------------------------------------------------------
Clock Name:         clk
Waveform(ns):       { 0.000 2.800 }
Period(ns):         5.600
Sources:            { clk }

Check Type        Corner  Lib Pin             Reference Pin  Required(ns)  Actual(ns)  Slack(ns)  Location     Pin
Min Period        n/a     RAMB36E1/CLKARDCLK  n/a            2.944         5.600       2.656      RAMB36_X0Y5  cipher_bram/mem_reg/CLKARDCLK
Low Pulse Width   Slow    FDSE/C              n/a            0.500         2.800       2.300      SLICE_X5Y33  FSM_onehot_state_reg[0]/C
High Pulse Width  Slow    FDSE/C              n/a            0.500         2.800       2.300      SLICE_X5Y33  FSM_onehot_state_reg[0]/C



